// Jest Snapshot v1, https://goo.gl/fbAQLP

exports[`render/component PageEdit render 1`] = `
<div>
  <h1>
    Kiadás szerkesztése: 
  </h1>
  <ExpenseForm
    expense={
      Object {
        "amount": 300,
        "createdAt": -777600000,
        "description": "hawaii pizza",
        "id": "pizza",
        "note": "",
      }
    }
    onSubmit={[Function]}
  />
  <button
    onClick={[Function]}
  >
    x
  </button>
</div>
`;
